Sun Aug  2 07:49:41 PM CEST 2026: pcflip backup synced to /mnt/backup/pcflip/
sending incremental file list
./
attachments/
attachments/12/
attachments/4/
photos/
photos/1/
photos/12/
photos/15/
photos/16/
photos/17/
photos/18/
photos/19/
photos/2/
photos/20/
photos/3/
photos/4/
photos/5/
photos/6/
photos/7/
photos/8/

sent 8.886 bytes  received 561 bytes  18.894,00 bytes/sec
total size is 23.373.211  speedup is 2.474,14
Sun Aug  2 07:51:48 PM CEST 2026: pcflip backup completed successfully
sending incremental file list
./
attachments/
attachments/12/
attachments/4/
photos/
photos/1/
photos/12/
photos/15/
photos/16/
photos/17/
photos/18/
photos/19/
photos/2/
photos/20/
photos/3/
photos/4/
photos/5/
photos/6/
photos/7/
photos/8/

sent 8.886 bytes  received 561 bytes  18.894,00 bytes/sec
total size is 23.373.211  speedup is 2.474,14
Sun Aug  2 07:52:01 PM CEST 2026: pcflip backup completed successfully
sending incremental file list
./
attachments/
attachments/12/
attachments/4/
photos/
photos/1/
photos/12/
photos/15/
photos/16/
photos/17/
photos/18/
photos/19/
photos/2/
photos/20/
photos/3/
photos/4/
photos/5/
photos/6/
photos/7/
photos/8/

sent 8.886 bytes  received 561 bytes  18.894,00 bytes/sec
total size is 23.373.211  speedup is 2.474,14
Sun Aug  2 07:52:07 PM CEST 2026: pcflip backup completed successfully
sending incremental file list
./
attachments/
attachments/12/
attachments/4/
photos/
photos/1/
photos/12/
photos/15/
photos/16/
photos/17/
photos/18/
photos/19/
photos/2/
photos/20/
photos/3/
photos/4/
photos/5/
photos/6/
photos/7/
photos/8/

sent 8.886 bytes  received 561 bytes  18.894,00 bytes/sec
total size is 23.373.211  speedup is 2.474,14
Sun Aug  2 07:52:39 PM CEST 2026: pcflip backup completed successfully
sending incremental file list
./
attachments/
attachments/12/
attachments/4/
photos/
photos/1/
photos/12/
photos/15/
photos/16/
photos/17/
photos/18/
photos/19/
photos/2/
photos/20/
photos/3/
photos/4/
photos/5/
photos/6/
photos/7/
photos/8/

sent 8.886 bytes  received 561 bytes  18.894,00 bytes/sec
total size is 23.373.211  speedup is 2.474,14
Sun Aug  2 07:54:23 PM CEST 2026: pcflip backup completed successfully
sending incremental file list
./
attachments/
attachments/12/
attachments/4/
photos/
photos/1/
photos/12/
photos/15/
photos/16/
photos/17/
photos/18/
photos/19/
photos/2/
photos/20/
photos/3/
photos/4/
photos/5/
photos/6/
photos/7/
photos/8/

sent 8.886 bytes  received 561 bytes  18.894,00 bytes/sec
total size is 23.373.211  speedup is 2.474,14
Sun Aug  2 07:58:35 PM CEST 2026: pcflip backup completed successfully
sending incremental file list
./
attachments/
attachments/12/
attachments/4/
photos/
photos/1/
photos/12/
photos/15/
photos/16/
photos/17/
photos/18/
photos/19/
photos/2/
photos/20/
photos/3/
photos/4/
photos/5/
photos/6/
photos/7/
photos/8/

sent 8.886 bytes  received 561 bytes  18.894,00 bytes/sec
total size is 23.373.211  speedup is 2.474,14
Sun Aug  2 08:00:01 PM CEST 2026: pcflip backup completed successfully
Sun Aug  2 08:00:58 PM CEST 2026: Starting backup
Sun Aug  2 08:00:58 PM CEST 2026: pcflip backup completed successfully
Sun Aug  2 09:00:01 PM CEST 2026: Starting backup
Sun Aug  2 09:00:01 PM CEST 2026: pcflip backup completed successfully
Sun Aug  2 10:00:01 PM CEST 2026: Starting backup
Sun Aug  2 10:00:01 PM CEST 2026: pcflip backup completed successfully
Sun Aug  2 11:00:01 PM CEST 2026: Starting backup
Sun Aug  2 11:00:01 PM CEST 2026: pcflip backup completed successfully
Mon Aug  3 12:00:01 AM CEST 2026: Starting backup
Mon Aug  3 12:00:01 AM CEST 2026: pcflip backup completed successfully
Mon Aug  3 01:00:01 AM CEST 2026: Starting backup
Mon Aug  3 01:00:01 AM CEST 2026: pcflip backup completed successfully
Mon Aug  3 02:00:01 AM CEST 2026: Starting backup
Mon Aug  3 02:00:02 AM CEST 2026: pcflip backup completed successfully
Mon Aug  3 03:00:01 AM CEST 2026: Starting backup
Mon Aug  3 03:00:01 AM CEST 2026: pcflip backup completed successfully
Mon Aug  3 04:00:01 AM CEST 2026: Starting backup
Mon Aug  3 04:00:01 AM CEST 2026: pcflip backup completed successfully
Mon Aug  3 05:00:01 AM CEST 2026: Starting backup
Mon Aug  3 05:00:01 AM CEST 2026: pcflip backup completed successfully
Mon Aug  3 06:00:01 AM CEST 2026: Starting backup
Mon Aug  3 06:00:01 AM CEST 2026: pcflip backup completed successfully
Mon Aug  3 07:00:01 AM CEST 2026: Starting backup
Mon Aug  3 07:00:01 AM CEST 2026: pcflip backup completed successfully
Mon Aug  3 08:00:01 AM CEST 2026: Starting backup
Mon Aug  3 08:00:01 AM CEST 2026: pcflip backup completed successfully
Mon Aug  3 09:00:01 AM CEST 2026: Starting backup
Mon Aug  3 09:00:01 AM CEST 2026: pcflip backup completed successfully
Mon Aug  3 10:00:01 AM CEST 2026: Starting backup
Mon Aug  3 10:00:01 AM CEST 2026: pcflip backup completed successfully
Mon Aug  3 11:00:01 AM CEST 2026: Starting backup
Mon Aug  3 11:00:01 AM CEST 2026: pcflip backup completed successfully
Mon Aug  3 12:00:01 PM CEST 2026: Starting backup
Mon Aug  3 12:00:01 PM CEST 2026: pcflip backup completed successfully
Mon Aug  3 01:00:01 PM CEST 2026: Starting backup
Mon Aug  3 01:00:01 PM CEST 2026: pcflip backup completed successfully
Mon Aug  3 02:00:01 PM CEST 2026: Starting backup
Mon Aug  3 02:00:01 PM CEST 2026: pcflip backup completed successfully
Mon Aug  3 03:00:01 PM CEST 2026: Starting backup
Mon Aug  3 03:00:02 PM CEST 2026: pcflip backup completed successfully
Mon Aug  3 04:00:01 PM CEST 2026: Starting backup
Mon Aug  3 04:00:01 PM CEST 2026: pcflip backup completed successfully
Mon Aug  3 05:00:01 PM CEST 2026: Starting backup
Mon Aug  3 05:00:01 PM CEST 2026: pcflip backup completed successfully
Mon Aug  3 06:00:01 PM CEST 2026: Starting backup
Mon Aug  3 06:00:01 PM CEST 2026: pcflip backup completed successfully
Mon Aug  3 07:00:01 PM CEST 2026: Starting backup
/home/human1zer/migration/pcflip/backup.sh: line 33: /usr/bin/sqlite3: No such file or directory
Mon Aug  3 07:00:01 PM CEST 2026: pcflip backup FAILED (db=127 rsync=0)
Mon Aug  3 08:00:01 PM CEST 2026: Starting backup
/home/human1zer/migration/pcflip/backup.sh: line 33: /usr/bin/sqlite3: No such file or directory
Mon Aug  3 08:00:02 PM CEST 2026: pcflip backup FAILED (db=127 rsync=0)
Mon Aug  3 09:00:01 PM CEST 2026: Starting backup
/home/human1zer/migration/pcflip/backup.sh: line 33: /usr/bin/sqlite3: No such file or directory
Mon Aug  3 09:00:01 PM CEST 2026: pcflip backup FAILED (db=127 rsync=0)
Mon Aug  3 10:00:01 PM CEST 2026: Starting backup
/home/human1zer/migration/pcflip/backup.sh: line 33: /usr/bin/sqlite3: No such file or directory
Mon Aug  3 10:00:02 PM CEST 2026: pcflip backup FAILED (db=127 rsync=0)
